Show rook stride for Q4,6 Q1 on an 8x8x8 board
0 : ['    Q4,6    ']
  : ['   Origin   ']
  : ['white-silver']
onboard 1/1 - offboard 0/1

1 : ['    Q5,6    ', '    Q5,7    ', '    Q4,7    ']
  : ['     E1     ', '    Apex    ', '     E2     ']
  : [' black-ruby ', ' white-gold ', ' black-jade ']
onboard 3/3 - offboard 0/3

2 : ['    Q6,6    ', '    Q6,7    ', '    Q6,8    ', '    Q5,8    ', '    Q4,8    ']
  : ['     E1     ', '     B2     ', '    Apex    ', '     B4     ', '     E2     ']
  : ['white-silver', ' black-jade ', 'white-silver', ' black-ruby ', 'white-silver']
onboard 5/5 - offboard 0/5

3 : ['    Q7,6    ', '    Q7,7    ', '    Q7,8    ', '  (0,3,5)   ', '  (0,2,5)   ', '  (0,1,5)   ', '  (0,0,5)   ']
  : ['     E1     ', '     B2     ', '     B3     ', '    Apex    ', '     B5     ', '     B6     ', '     E2     ']
  : [' black-ruby ', ' white-gold ', ' black-ruby ', ' white-gold ', ' black-jade ', ' white-gold ', ' black-jade ']
onboard 3/7 - offboard 4/7

4 : ['    Q8,6    ', '    Q8,7    ', '    Q8,8    ', '  (0,4,5)   ', '  (0,4,6)   ', '  (0,3,6)   ', '  (0,2,6)   ', '  (0,1,6)   ', '  (0,0,6)   ']
  : ['     E1     ', '     B2     ', '     B3     ', '     B4     ', '    Apex    ', '     B6     ', '     B7     ', '     B8     ', '     E2     ']
  : ['white-silver', ' black-jade ', 'white-silver', ' black-jade ', 'white-silver', ' black-ruby ', 'white-silver', ' black-ruby ', 'white-silver']
onboard 3/9 - offboard 6/9

Show bishop stride for Q4,6 Q1 on an 8x8x8 board
0 : ['    Q4,6    ']
  : ['   Origin   ']
  : ['white-silver']
onboard 1/1 - offboard 0/1

1 : ['    K5,6    ', '   KB5,7    ', '    K4,7    ']
  : ['     E1     ', '    Apex    ', '     E2     ']
  : [' white-jade ', ' white-gold ', ' white-ruby ']
onboard 3/3 - offboard 0/3

2 : ['   KB6,6    ', '   KN6,7    ', '   KR6,8    ', '   KN5,8    ', '   KB4,8    ']
  : ['     E1     ', '     B2     ', '    Apex    ', '     B4     ', '     E2     ']
  : ['white-silver', ' white-ruby ', 'white-silver', ' white-jade ', 'white-silver']
onboard 5/5 - offboard 0/5

3 : ['   KN7,6    ', '   KR7,7    ', '  (5,3,4)   ', '  (6,3,5)   ', '  (5,2,5)   ', '  (4,1,5)   ', '  (3,0,5)   ']
  : ['     E1     ', '     B2     ', '     B3     ', '    Apex    ', '     B5     ', '     B6     ', '     E2     ']
  : [' white-jade ', ' white-gold ', ' white-jade ', ' white-gold ', ' white-ruby ', ' white-gold ', ' white-ruby ']
onboard 2/7 - offboard 5/7

4 : ['   KR8,6    ', '  (5,4,3)   ', '  (6,4,4)   ', '  (7,4,5)   ', '  (8,4,6)   ', '  (7,3,6)   ', '  (6,2,6)   ', '  (5,1,6)   ', '  (4,0,6)   ']
  : ['     E1     ', '     B2     ', '     B3     ', '     B4     ', '    Apex    ', '     B6     ', '     B7     ', '     B8     ', '     E2     ']
  : ['white-silver', ' white-ruby ', 'white-silver', ' white-ruby ', 'white-silver', ' white-jade ', 'white-silver', ' white-jade ', 'white-silver']
onboard 1/9 - offboard 8/9

Show duke stride for Q4,6 Q1 on an 8x8x8 board
0 : ['    Q4,6    ']
  : ['   Origin   ']
  : ['white-silver']
onboard 1/1 - offboard 0/1

1 : ['   QB5,7    ', '    Q6,8    ', '    K5,7    ']
  : ['     E1     ', '    Apex    ', '     E2     ']
  : ['black-silver', 'white-silver', 'black-silver']
onboard 3/3 - offboard 0/3

2 : ['   QN6,8    ', '  (-1,3,5)  ', '  (0,4,6)   ', '  (1,3,5)   ', '   KB6,8    ']
  : ['     E1     ', '     B2     ', '    Apex    ', '     B4     ', '     E2     ']
  : ['white-silver', 'black-silver', 'white-silver', 'black-silver', 'white-silver']
onboard 2/5 - offboard 3/5

Show bishop tiles for Q4,6 Q1 on an 8x8x8 board
['Q4,6']
['K5,6', 'KB5,7', 'K4,7']
['KB6,6', 'KN6,7', 'KR6,8', 'KN5,8', 'KB4,8']
['KN7,6', 'KR7,7', (5, 3, 4), (6, 3, 5), (5, 2, 5), (4, 1, 5), (3, 0, 5)]
['KR8,6', (5, 4, 3), (6, 4, 4), (7, 4, 5), (8, 4, 6), (7, 3, 6), (6, 2, 6), (5, 1, 6), (4, 0, 6)]

( 0  0  0 ): white silver
[ 1  2  2 ]: black gold
[ 2  1  2 ]: black ruby
[ 2  2  1 ]: black jade
[-1  2  2 ]: black gold
[-2  1  2 ]: black ruby
[-2  2  1 ]: black jade
[ 1 -2  2 ]: black gold
[ 2 -1  2 ]: black ruby
[ 2 -2  1 ]: black jade
[-1 -2  2 ]: black gold
[-2 -1  2 ]: black ruby
[-2 -2  1 ]: black jade
[ 1 -2 -2 ]: black gold
[ 2 -1 -2 ]: black ruby
[ 2 -2 -1 ]: black jade
[-1 -2 -2 ]: black gold
[-2 -1 -2 ]: black ruby
[-2 -2 -1 ]: black jade
[ 1  2 -2 ]: black gold
[ 2  1 -2 ]: black ruby
[ 2  2 -1 ]: black jade
[-1  2 -2 ]: black gold
[-2  1 -2 ]: black ruby
[-2  2 -1 ]: black jade
perims.py smoke test passed.

13 - 19
2 : ['   KD7,5    ', '   KB7,6    ', '   KN7,7    ', '   KB6,7    ', '   KD5,7    ']
  : ['     E1     ', '     B2     ', '    Apex    ', '     B4     ', '     E2     ']
  : ['white-silver', ' white-ruby ', 'white-silver', ' white-jade ', 'white-silver']
onboard 5/5 - offboard 0/5

2 : ['   KD5,7    ', '   KD4,8    ', '   KD3,9    ', '    K3,8    ', '    Q3,7    ']
  : ['     E1     ', '     B2     ', '    Apex    ', '     B4     ', '     E2     ']
  : ['white-silver', ' white-gold ', 'white-silver', ' white-ruby ', 'white-silver']
onboard 5/5 - offboard 0/5

2 : ['    Q3,7    ', '   QD2,7    ', '   QB1,7    ', '   QB2,6    ', '   QB3,5    ']
  : ['     E1     ', '     B2     ', '    Apex    ', '     B4     ', '     E2     ']
  : ['white-silver', ' white-jade ', 'white-silver', ' white-gold ', 'white-silver']
onboard 5/5 - offboard 0/5

2 : ['   QB3,5    ', '   QN3,4    ', '   QR3,3    ', '   QN4,3    ', '   QB5,3    ']
  : ['     E1     ', '     B2     ', '    Apex    ', '     B4     ', '     E2     ']
  : ['white-silver', ' white-ruby ', 'white-silver', ' white-jade ', 'white-silver']
onboard 5/5 - offboard 0/5

2 : ['   QB5,3    ', '   QB6,2    ', '   QB7,1    ', '   QD7,2    ', '    Q7,3    ']
  : ['     E1     ', '     B2     ', '    Apex    ', '     B4     ', '     E2     ']
  : ['white-silver', ' white-gold ', 'white-silver', ' white-ruby ', 'white-silver']
onboard 5/5 - offboard 0/5

2 : ['    Q7,3    ', '    K8,3    ', '   KD9,3    ', '   KD8,4    ', '   KD7,5    ']
  : ['     E1     ', '     B2     ', '    Apex    ', '     B4     ', '     E2     ']
  : ['white-silver', ' white-jade ', 'white-silver', ' white-gold ', 'white-silver']
onboard 5/5 - offboard 0/5

19 - 25
2 : ['   QB7,5    ', '   QN7,6    ', '   QR7,7    ', '   QN6,7    ', '   QB5,7    ']
  : ['     E1     ', '     B2     ', '    Apex    ', '     B4     ', '     E2     ']
  : ['white-silver', ' white-ruby ', 'white-silver', ' white-jade ', 'white-silver']
onboard 5/5 - offboard 0/5

2 : ['   QB5,7    ', '   QB4,8    ', '   QB3,9    ', '   QD3,8    ', '    Q3,7    ']
  : ['     E1     ', '     B2     ', '    Apex    ', '     B4     ', '     E2     ']
  : ['white-silver', ' white-gold ', 'white-silver', ' white-ruby ', 'white-silver']
onboard 5/5 - offboard 0/5

2 : ['    Q3,7    ', '    K2,7    ', '   KD1,7    ', '   KD2,6    ', '   KD3,5    ']
  : ['     E1     ', '     B2     ', '    Apex    ', '     B4     ', '     E2     ']
  : ['white-silver', ' white-jade ', 'white-silver', ' white-gold ', 'white-silver']
onboard 5/5 - offboard 0/5

2 : ['   KD3,5    ', '   KB3,4    ', '   KN3,3    ', '   KB4,3    ', '   KD5,3    ']
  : ['     E1     ', '     B2     ', '    Apex    ', '     B4     ', '     E2     ']
  : ['white-silver', ' white-ruby ', 'white-silver', ' white-jade ', 'white-silver']
onboard 5/5 - offboard 0/5

2 : ['   KD5,3    ', '   KD6,2    ', '   KD7,1    ', '    K7,2    ', '    Q7,3    ']
  : ['     E1     ', '     B2     ', '    Apex    ', '     B4     ', '     E2     ']
  : ['white-silver', ' white-gold ', 'white-silver', ' white-ruby ', 'white-silver']
onboard 5/5 - offboard 0/5

2 : ['    Q7,3    ', '   QD8,3    ', '   QB9,3    ', '   QB8,4    ', '   QB7,5    ']
  : ['     E1     ', '     B2     ', '    Apex    ', '     B4     ', '     E2     ']
  : ['white-silver', ' white-jade ', 'white-silver', ' white-gold ', 'white-silver']
onboard 5/5 - offboard 0/5

25 - 31
2 : ['   KD5,3    ', '   KB6,3    ', '   KN7,3    ', '   KB7,4    ', '   KD7,5    ']
  : ['     E1     ', '     B2     ', '    Apex    ', '     B4     ', '     E2     ']
  : ['white-silver', ' white-jade ', 'white-silver', ' white-ruby ', 'white-silver']
onboard 5/5 - offboard 0/5

2 : ['   KD7,5    ', '   KD8,6    ', '   KD9,7    ', '    K8,7    ', '    Q7,7    ']
  : ['     E1     ', '     B2     ', '    Apex    ', '     B4     ', '     E2     ']
  : ['white-silver', ' white-gold ', 'white-silver', ' white-jade ', 'white-silver']
onboard 5/5 - offboard 0/5

2 : ['    Q7,7    ', '   QD7,8    ', '   QB7,9    ', '   QB6,8    ', '   QB5,7    ']
  : ['     E1     ', '     B2     ', '    Apex    ', '     B4     ', '     E2     ']
  : ['white-silver', ' white-ruby ', 'white-silver', ' white-gold ', 'white-silver']
onboard 5/5 - offboard 0/5

2 : ['   QB5,7    ', '   QN4,7    ', '   QR3,7    ', '   QN3,6    ', '   QB3,5    ']
  : ['     E1     ', '     B2     ', '    Apex    ', '     B4     ', '     E2     ']
  : ['white-silver', ' white-jade ', 'white-silver', ' white-ruby ', 'white-silver']
onboard 5/5 - offboard 0/5

2 : ['   QB3,5    ', '   QB2,4    ', '   QB1,3    ', '   QD2,3    ', '    Q3,3    ']
  : ['     E1     ', '     B2     ', '    Apex    ', '     B4     ', '     E2     ']
  : ['white-silver', ' white-gold ', 'white-silver', ' white-jade ', 'white-silver']
onboard 5/5 - offboard 0/5

2 : ['    Q3,3    ', '    K3,2    ', '   KD3,1    ', '   KD4,2    ', '   KD5,3    ']
  : ['     E1     ', '     B2     ', '    Apex    ', '     B4     ', '     E2     ']
  : ['white-silver', ' white-ruby ', 'white-silver', ' white-gold ', 'white-silver']
onboard 5/5 - offboard 0/5

31 - 37
2 : ['   KD3,5    ', '   KB3,6    ', '   KN3,7    ', '   KB4,7    ', '   KD5,7    ']
  : ['     E1     ', '     B2     ', '    Apex    ', '     B4     ', '     E2     ']
  : ['white-silver', ' white-ruby ', 'white-silver', ' white-jade ', 'white-silver']
onboard 5/5 - offboard 0/5

2 : ['   KD5,7    ', '   KD6,8    ', '   KD7,9    ', '    K7,8    ', '    Q7,7    ']
  : ['     E1     ', '     B2     ', '    Apex    ', '     B4     ', '     E2     ']
  : ['white-silver', ' white-gold ', 'white-silver', ' white-ruby ', 'white-silver']
onboard 5/5 - offboard 0/5

2 : ['    Q7,7    ', '   QD8,7    ', '   QB9,7    ', '   QB8,6    ', '   QB7,5    ']
  : ['     E1     ', '     B2     ', '    Apex    ', '     B4     ', '     E2     ']
  : ['white-silver', ' white-jade ', 'white-silver', ' white-gold ', 'white-silver']
onboard 5/5 - offboard 0/5

2 : ['   QB7,5    ', '   QN7,4    ', '   QR7,3    ', '   QN6,3    ', '   QB5,3    ']
  : ['     E1     ', '     B2     ', '    Apex    ', '     B4     ', '     E2     ']
  : ['white-silver', ' white-ruby ', 'white-silver', ' white-jade ', 'white-silver']
onboard 5/5 - offboard 0/5

2 : ['   QB5,3    ', '   QB4,2    ', '   QB3,1    ', '   QD3,2    ', '    Q3,3    ']
  : ['     E1     ', '     B2     ', '    Apex    ', '     B4     ', '     E2     ']
  : ['white-silver', ' white-gold ', 'white-silver', ' white-ruby ', 'white-silver']
onboard 5/5 - offboard 0/5

2 : ['    Q3,3    ', '    K2,3    ', '   KD1,3    ', '   KD2,4    ', '   KD3,5    ']
  : ['     E1     ', '     B2     ', '    Apex    ', '     B4     ', '     E2     ']
  : ['white-silver', ' white-jade ', 'white-silver', ' white-gold ', 'white-silver']
onboard 5/5 - offboard 0/5

