{'origin': 'KR2,2', 'origin_vts': (4, -2, -2), 'quad': 'Q1', 'spec': '8x8x8'}
{'piece': 'rook', 'piece_quad': 1, 'plane': 'Horizontal', 'plane_quad': 1, 'ray_pair': ['left_fore', 'right_fore'], 'nickname': 'Forward'}
{'ray_vectors': [(0, 1, 0), (0, 0, 1)]}

0 : ['KR2,2']
1 : ['KR3,2', 'KR3,3', 'KR2,3']
2 : ['KR4,2', 'KR4,3', 'KR4,4', 'KR3,4', 'KR2,4']
3 : ['KR5,2', 'KR5,3', 'KR5,4', 'KR5,5', 'KR4,5', 'KR3,5', 'KR2,5']
4 : ['KR6,2', 'KR6,3', 'KR6,4', 'KR6,5', 'KR6,6', 'KR5,6', 'KR4,6', 'KR3,6', 'KR2,6']
5 : ['KR7,2', 'KR7,3', 'KR7,4', 'KR7,5', 'KR7,6', 'KR7,7', 'KR6,7', 'KR5,7', 'KR4,7', 'KR3,7', 'KR2,7']
6 : ['KR8,2', 'KR8,3', 'KR8,4', 'KR8,5', 'KR8,6', 'KR8,7', 'KR8,8', 'KR7,8', 'KR6,8', 'KR5,8', 'KR4,8', 'KR3,8', 'KR2,8']

{'k_final': 6, 'N': 7, 'Area': 49, 'Onboard': [49, 0]}

{'origin': 'QR4,5', 'origin_vts': (-3, 0, 1), 'quad': 'Q1', 'spec': '8x8x8'}
{'piece': 'rook', 'piece_quad': 1, 'plane': 'Horizontal', 'plane_quad': 1, 'ray_pair': ['left_fore', 'right_fore'], 'nickname': 'Forward'}
{'ray_vectors': [(0, 1, 0), (0, 0, 1)]}

0 : ['QR4,5']
1 : ['QR5,5', 'QR5,6', 'QR4,6']
2 : ['QR6,5', 'QR6,6', 'QR6,7', 'QR5,7', 'QR4,7']
3 : ['QR7,5', 'QR7,6', 'QR7,7', 'QR7,8', 'QR6,8', 'QR5,8', 'QR4,8']
4 : ['QR8,5', 'QR8,6', 'QR8,7', 'QR8,8', (-3, 4, 5), (-3, 3, 5), (-3, 2, 5), (-3, 1, 5), (-3, 0, 5)]

{'k_final': 4, 'N': 5, 'Area': 25, 'Onboard': [20, 5]}

{'origin': 'QR4,5', 'origin_vts': (-3, 0, 1), 'quad': 'Q13', 'spec': '8x8x8'}
{'piece': 'bishop', 'piece_quad': 1, 'plane': 'Upward', 'plane_quad': 1, 'ray_pair': ['RFU', 'LFU'], 'nickname': 'UpPredator'}
{'ray_vectors': [(1, 1, 0), (1, 0, 1)]}

0 : ['QR4,5']
1 : ['QN5,5', 'QB5,6', 'QN4,6']
2 : ['QB6,5', 'Q6,6', 'K6,7', 'Q5,7', 'QB4,7']
3 : ['Q7,5', 'K7,6', 'KB7,7', 'KN7,8', 'KB6,8', 'K5,8', 'Q4,8']
4 : ['K8,5', 'KB8,6', 'KN8,7', 'KR8,8', (5, 4, 5), (4, 3, 5), (3, 2, 5), (2, 1, 5), (1, 0, 5)]

{'k_final': 4, 'N': 5, 'Area': 25, 'Onboard': [20, 5]}

{'origin': 'QR4,5', 'origin_vts': (-3, 0, 1), 'quad': 37, 'spec': '8x8x8'}
{'piece': 'duke', 'piece_quad': 1, 'plane': 'Major', 'plane_quad': 1, 'ray_pair': ['fore_down', 'fore_up'], 'duke_type': 'edge', 'duplex': False, 'simplex': True, 'nickname': 'Fore'}
{'ray_vectors': [(-1, 1, 1), (1, 1, 1)]}

0 : ['QR4,5']
1 : [(-4, 1, 2), 'QR6,7', 'QN5,6']
2 : [(-5, 2, 3), (-4, 3, 4), (-3, 4, 5), 'QN7,8', 'QB6,7']
3 : [(-6, 3, 4), (-5, 4, 5), (-4, 5, 6), (-3, 6, 7), (-2, 5, 6), (-1, 4, 5), 'Q7,8']

0 : ['   QR4,5    ']
  : ['   Origin   ']
  : [' white-ruby ']
onboard 1/1 - offboard 0/1

1 : ['  (-4,1,2)  ', '   QR6,7    ', '   QN5,6    ']
  : ['     E1     ', '    Apex    ', '     E2     ']
  : [' black-ruby ', ' white-ruby ', ' black-ruby ']
onboard 2/3 - offboard 1/3

2 : ['  (-5,2,3)  ', '  (-4,3,4)  ', '  (-3,4,5)  ', '   QN7,8    ', '   QB6,7    ']
  : ['     E1     ', '     B2     ', '    Apex    ', '     B4     ', '     E2     ']
  : [' white-ruby ', ' black-ruby ', ' white-ruby ', ' black-ruby ', ' white-ruby ']
onboard 2/5 - offboard 3/5

3 : ['  (-6,3,4)  ', '  (-5,4,5)  ', '  (-4,5,6)  ', '  (-3,6,7)  ', '  (-2,5,6)  ', '  (-1,4,5)  ', '    Q7,8    ']
  : ['     E1     ', '     B2     ', '     B3     ', '    Apex    ', '     B5     ', '     B6     ', '     E2     ']
  : [' black-ruby ', ' white-ruby ', ' black-ruby ', ' white-ruby ', ' black-ruby ', ' white-ruby ', ' black-ruby ']
onboard 1/7 - offboard 6/7

{'k_final': 3, 'N': 4, 'Area': 16, 'Onboard': [6, 10]}

{'origin': 'KR4,4', 'origin_vts': (4, 0, 0), 'quad': 'Q1', 'spec': '8x8x8'}
{'piece': 'rook', 'piece_quad': 1, 'plane': 'Horizontal', 'plane_quad': 1, 'ray_pair': ['left_fore', 'right_fore'], 'nickname': 'Forward'}
{'ray_vectors': [(0, 1, 0), (0, 0, 1)]}

0 : ['KR4,4']
1 : ['KR5,4', 'KR5,5', 'KR4,5']
2 : ['KR6,4', 'KR6,5', 'KR6,6', 'KR5,6', 'KR4,6']
3 : ['KR7,4', 'KR7,5', 'KR7,6', 'KR7,7', 'KR6,7', 'KR5,7', 'KR4,7']
4 : ['KR8,4', 'KR8,5', 'KR8,6', 'KR8,7', 'KR8,8', 'KR7,8', 'KR6,8', 'KR5,8', 'KR4,8']

{'k_final': 4, 'N': 5, 'Area': 25, 'Onboard': [25, 0]}

{'origin': 'KR4,4', 'origin_vts': (4, 0, 0), 'quad': 'Q2', 'spec': '8x8x8'}
{'piece': 'rook', 'piece_quad': 2, 'plane': 'Horizontal', 'plane_quad': 2, 'ray_pair': ['right_fore', 'left_back'], 'nickname': 'Right'}
{'ray_vectors': [(0, 0, 1), (0, -1, 0)]}

0 : ['KR4,4']
1 : ['KR4,5', 'KR3,5', 'KR3,4']
2 : ['KR4,6', 'KR3,6', 'KR2,6', 'KR2,5', 'KR2,4']
3 : ['KR4,7', 'KR3,7', 'KR2,7', 'KR1,7', 'KR1,6', 'KR1,5', 'KR1,4']
4 : ['KR4,8', 'KR3,8', 'KR2,8', 'KR1,8', (4, -4, 4), (4, -4, 3), (4, -4, 2), (4, -4, 1), (4, -4, 0)]

{'k_final': 4, 'N': 5, 'Area': 25, 'Onboard': [20, 5]}

{'origin': 'KR4,4', 'origin_vts': (4, 0, 0), 'quad': 'Q3', 'spec': '8x8x8'}
{'piece': 'rook', 'piece_quad': 3, 'plane': 'Horizontal', 'plane_quad': 3, 'ray_pair': ['left_back', 'right_back'], 'nickname': 'Backward'}
{'ray_vectors': [(0, -1, 0), (0, 0, -1)]}

0 : ['KR4,4']
1 : ['KR3,4', 'KR3,3', 'KR4,3']
2 : ['KR2,4', 'KR2,3', 'KR2,2', 'KR3,2', 'KR4,2']
3 : ['KR1,4', 'KR1,3', 'KR1,2', 'KR1,1', 'KR2,1', 'KR3,1', 'KR4,1']

{'k_final': 3, 'N': 4, 'Area': 16, 'Onboard': [16, 0]}

{'origin': 'KR4,4', 'origin_vts': (4, 0, 0), 'quad': 'Q4', 'spec': '8x8x8'}
{'piece': 'rook', 'piece_quad': 4, 'plane': 'Horizontal', 'plane_quad': 4, 'ray_pair': ['right_back', 'left_fore'], 'nickname': 'Left'}
{'ray_vectors': [(0, 0, -1), (0, 1, 0)]}

0 : ['KR4,4']
1 : ['KR4,3', 'KR5,3', 'KR5,4']
2 : ['KR4,2', 'KR5,2', 'KR6,2', 'KR6,3', 'KR6,4']
3 : ['KR4,1', 'KR5,1', 'KR6,1', 'KR7,1', 'KR7,2', 'KR7,3', 'KR7,4']
4 : [(4, 0, -4), (4, 1, -4), (4, 2, -4), (4, 3, -4), (4, 4, -4), 'KR8,1', 'KR8,2', 'KR8,3', 'KR8,4']

{'k_final': 4, 'N': 5, 'Area': 25, 'Onboard': [20, 5]}

FAS.py smoke test passed.

